
  x Mixins are not allowed inside nested selectors
  | found: ${buttonStyles}
  | Use an inline css literal instead or move the selector into the mixin
    ,-[input.js:16:1]
 16 |    button {
 17 |       ${buttonStyles}
    :         ^^^^^^^^^^^^
 18 |    }
    `----
