---
source: src/to_css.rs
expression: to_css(&declarations)
---
.foo {
  content: "line1\\\nline2";
}
