---
source: src/to_css.rs
expression: to_css(&combined_declarations)
---
.foo {
  .fancy {
    color: blue;
    background: red;
  }
}
