---
source: src/to_css.rs
expression: to_css(&declarations)
---
.foo {
  .fancy {
    color: blue;
  }
}
