---
source: css_in_js_parser/src/parse_css.rs
expression: "(state, declarations)"
---
(
    ParserState {
        is_inside_string: None,
        current_comment_state: MultiLine,
        is_inside_property_value: false,
        is_inside_at_rule: false,
        current_scopes: [
            CssScope {
                name: ".foo",
                scope_type: Selector,
            },
            CssScope {
                name: ".fancy",
                scope_type: Selector,
            },
        ],
        current_declaration: Declaration {
            property: "",
            value: "",
            scope: [],
            closed: false,
        },
        pending_css_segment: "",
    },
    [],
)
