---
source: src/parse_css.rs
expression: "(state, declarations)"
---
(
    ParserState {
        is_inside_string: Some(
            '"',
        ),
        is_inside_comment: false,
        is_inside_property_value: true,
        is_inside_at_rule: false,
        current_scopes: [
            CssScope {
                name: ".foo",
                scope_type: Selector,
            },
            CssScope {
                name: ".fancy",
                scope_type: Selector,
            },
        ],
        current_declaration: Declaration {
            property: "background",
            value: "url(\"https://example.com\n    ",
            scope: [
                CssScope {
                    name: ".foo",
                    scope_type: Selector,
                },
                CssScope {
                    name: ".fancy",
                    scope_type: Selector,
                },
            ],
            closed: false,
        },
    },
    [
        Declaration {
            property: "background",
            value: "url(\"https://example.com\n    ",
            scope: [
                CssScope {
                    name: ".foo",
                    scope_type: Selector,
                },
                CssScope {
                    name: ".fancy",
                    scope_type: Selector,
                },
            ],
            closed: false,
        },
    ],
)
