// Jest Snapshot v1, https://goo.gl/fbAQLP

exports[`renders Clock component 1`] = `
<DocumentFragment>
  <div
    class=""
  >
    <div
      class=""
    >
      <div
        class=""
      />
      <div
        class=""
        index="0"
      >
        12
      </div>
      <div
        class=""
        index="1"
      >
        1
      </div>
      <div
        class=""
        index="2"
      >
        2
      </div>
      <div
        class=""
        index="3"
      >
        3
      </div>
      <div
        class=""
        index="4"
      >
        4
      </div>
      <div
        class=""
        index="5"
      >
        5
      </div>
      <div
        class=""
        index="6"
      >
        6
      </div>
      <div
        class=""
        index="7"
      >
        7
      </div>
      <div
        class=""
        index="8"
      >
        8
      </div>
      <div
        class=""
        index="9"
      >
        9
      </div>
      <div
        class=""
        index="10"
      >
        10
      </div>
      <div
        class=""
        index="11"
      >
        11
      </div>
      <div
        class=""
      />
      <div
        class=""
      />
      <div
        class=""
      />
    </div>
  </div>
</DocumentFragment>
`;
