// Jest Snapshot v1, https://goo.gl/fbAQLP

exports[`renders ClockHands component 1`] = `
<DocumentFragment>
  <div
    class="SecondHand SecondHand__theme_highContrast-01 ClockHand"
    style="--ClockHand__transform_4acxch: 0deg;"
  />
  <div
    class="MinuteHand ClockHand"
    style="--ClockHand__transform_4acxch: 0deg;"
  />
  <div
    class="HourHand ClockHand"
    style="--ClockHand__transform_4acxch: 450deg;"
  />
</DocumentFragment>
`;
