// Vitest Snapshot v1, https://vitest.dev/guide/snapshot.html

exports[`pass attrs to style block 1`] = `
<a
  className=""
  data-active-class-name="--is-active"
  href="#"
  style={{}}
/>
`;
