  x Dynamic values in CSS properties must be wrapped in arrow functions to make runtime behavior explicit.
  | Example: ${() => getValue()} instead of ${getValue()}
   ,-[input.js:5:1]
 4 |   display: flex;
 5 |   z-index: ${getZIndex()};
   :              ^^^^^^^^^^^
 6 |   margin-bottom: ${spacing[40].toString()}px;
   `----
  x Dynamic values in CSS properties must be wrapped in arrow functions to make runtime behavior explicit.
  | Example: ${() => getValue()} instead of ${getValue()}
   ,-[input.js:6:1]
 5 |   z-index: ${getZIndex()};
 6 |   margin-bottom: ${spacing[40].toString()}px;
   :                    ^^^^^^^^^^^^^^^^^^^^^^
 7 | `;
   `----
