// Vitest Snapshot v1, https://vitest.dev/guide/snapshot.html

exports[`renders Clock component 1`] = `
<DocumentFragment>
  <div>
    <div>
      <div />
      <div
        index="0"
      >
        12
      </div>
      <div
        index="1"
      >
        1
      </div>
      <div
        index="2"
      >
        2
      </div>
      <div
        index="3"
      >
        3
      </div>
      <div
        index="4"
      >
        4
      </div>
      <div
        index="5"
      >
        5
      </div>
      <div
        index="6"
      >
        6
      </div>
      <div
        index="7"
      >
        7
      </div>
      <div
        index="8"
      >
        8
      </div>
      <div
        index="9"
      >
        9
      </div>
      <div
        index="10"
      >
        10
      </div>
      <div
        index="11"
      >
        11
      </div>
      <div />
      <div />
      <div />
    </div>
  </div>
</DocumentFragment>
`;
