// Vitest Snapshot v1, https://vitest.dev/guide/snapshot.html

exports[`renders ClockHands component 1`] = `
<DocumentFragment>
  <div />
  <div />
  <div />
</DocumentFragment>
`;
