  x Only css template literals are allowed inside css expressions
    ,-[input.js:4:1]
  3 |     export const Button = styled.button`
  4 | ,->   ${keyframes`
  5 | |       from {
  6 | |         opacity: 0;
  7 | |         }
  8 | |         to {
  9 | |           opacity: 1;
 10 | |         }
 11 | `->     `};
 12 |     `;
    `----
