  x The value for variable "constants" could not be found in the top scope
    ,-[input.js:15:1]
 14 |   height: ${sizes[0]};
 15 |   padding: ${constants.spacing};
    :              ^^^^^^^^^^^^^^^^^
 16 |   margin: ${renamedSize.medium.top} ${renamedSize.medium.right};
    `----
  x The value for variable "defaultImport" could not be found in the top scope
    ,-[input.js:17:1]
 16 |   margin: ${renamedSize.medium.top} ${renamedSize.medium.right};
 17 |   line-height: ${defaultImport.lineHeight[0]};
    :                  ^^^^^^^^^^^^^^^^^^^^^^^^^^^
 18 | `;
    `----
